// Jest Snapshot v1, https://goo.gl/fbAQLP

exports[`List renders correctly 1`] = `
<div
  className="row center-xs"
/>
`;
