// Jest Snapshot v1, https://goo.gl/fbAQLP

exports[`ContentList renders correctly 1`] = `
<div
  className="row start-xs"
  style={
    Object {
      "margin": "10px 0",
    }
  }
>
  <div
    className="col-xs-6 col-sm-6 col-md-4 col-lg-4"
  >
    <label
      style={
        Object {
          "fontWeight": 500,
        }
      }
    >
      
    </label>
  </div>
  <div
    className="col-xs-6 col-sm-6 col-md-8 col-lg-8"
  >
    
  </div>
</div>
`;
